// Jest Snapshot v1, https://goo.gl/fbAQLP

exports[`Header Should render correctly 1`] = `
.c0 {
  -webkit-align-items: center;
  -webkit-box-align: center;
  -ms-flex-align: center;
  align-items: center;
  display: -webkit-box;
  display: -webkit-flex;
  display: -ms-flexbox;
  display: flex;
}

<header>
  <div
    class="c0"
  >
    Header
  </div>
</header>
`;
